<?xml version="1.0" encoding="utf-8"?><testsuites><testsuite name="pytest" errors="0" failures="0" skipped="0" tests="153" time="110.362" timestamp="2026-06-12T17:58:24.610268" hostname="rishita-sharma-Inspiron-14-5430"><testcase classname="tests.test_admin.TestAdminAuth" name="test_list_requires_auth" time="0.111" /><testcase classname="tests.test_admin.TestAdminAuth" name="test_get_requires_auth" time="0.012" /><testcase classname="tests.test_admin.TestAdminAuth" name="test_patch_requires_auth" time="0.011" /><testcase classname="tests.test_admin.TestAdminAuth" name="test_staff_cannot_list_users" time="0.905" /><testcase classname="tests.test_admin.TestAdminAuth" name="test_staff_cannot_get_user" time="0.817" /><testcase classname="tests.test_admin.TestAdminAuth" name="test_staff_cannot_patch_user" time="0.811" /><testcase classname="tests.test_admin.TestListUsers" name="test_admin_can_list_users" time="0.821" /><testcase classname="tests.test_admin.TestListUsers" name="test_list_includes_all_roles" time="1.716" /><testcase classname="tests.test_admin.TestListUsers" name="test_list_search_by_email" time="0.819" /><testcase classname="tests.test_admin.TestListUsers" name="test_list_search_no_match" time="0.828" /><testcase classname="tests.test_admin.TestListUsers" name="test_list_pagination" time="0.826" /><testcase classname="tests.test_admin.TestListUsers" name="test_list_response_has_no_password" time="0.818" /><testcase classname="tests.test_admin.TestGetUser" name="test_admin_can_get_user" time="0.824" /><testcase classname="tests.test_admin.TestGetUser" name="test_get_user_not_found" time="0.813" /><testcase classname="tests.test_admin.TestGetUser" name="test_get_response_has_no_password" time="0.811" /><testcase classname="tests.test_admin.TestUpdateUser" name="test_admin_can_promote_staff_to_admin" time="1.652" /><testcase classname="tests.test_admin.TestUpdateUser" name="test_admin_can_demote_admin_to_staff" time="1.209" /><testcase classname="tests.test_admin.TestUpdateUser" name="test_admin_can_deactivate_user" time="1.630" /><testcase classname="tests.test_admin.TestUpdateUser" name="test_admin_can_reactivate_user" time="1.223" /><testcase classname="tests.test_admin.TestUpdateUser" name="test_admin_cannot_change_own_role" time="0.835" /><testcase classname="tests.test_admin.TestUpdateUser" name="test_admin_cannot_deactivate_self" time="0.816" /><testcase classname="tests.test_admin.TestUpdateUser" name="test_update_user_not_found" time="0.824" /><testcase classname="tests.test_admin.TestUpdateUser" name="test_invalid_role_rejected" time="1.632" /><testcase classname="tests.test_auth.TestRegister" name="test_register_user" time="0.417" /><testcase classname="tests.test_auth.TestRegister" name="test_register_duplicate_email" time="0.411" /><testcase classname="tests.test_auth.TestRegister" name="test_register_forces_staff_role" time="0.413" /><testcase classname="tests.test_auth.TestRegister" name="test_register_weak_password" time="0.007" /><testcase classname="tests.test_auth.TestLogin" name="test_login_success" time="0.810" /><testcase classname="tests.test_auth.TestLogin" name="test_login_wrong_password" time="0.814" /><testcase classname="tests.test_auth.TestLogin" name="test_login_wrong_email" time="0.012" /><testcase classname="tests.test_auth.TestLogin" name="test_login_returns_user_object" time="0.813" /><testcase classname="tests.test_auth.TestRefreshToken" name="test_refresh_token" time="0.828" /><testcase classname="tests.test_auth.TestRefreshToken" name="test_refresh_with_invalid_token" time="0.009" /><testcase classname="tests.test_auth.TestRefreshToken" name="test_refresh_with_access_token_rejected" time="0.817" /><testcase classname="tests.test_auth.TestProtectedRoutes" name="test_access_protected_route" time="0.809" /><testcase classname="tests.test_auth.TestProtectedRoutes" name="test_access_protected_route_no_token" time="0.005" /><testcase classname="tests.test_auth.TestProtectedRoutes" name="test_access_protected_route_invalid_token" time="0.006" /><testcase classname="tests.test_auth.TestProtectedRoutes" name="test_me_returns_correct_user" time="0.838" /><testcase classname="tests.test_products.TestProductsAuth" name="test_list_requires_auth" time="0.012" /><testcase classname="tests.test_products.TestProductsAuth" name="test_get_requires_auth" time="0.009" /><testcase classname="tests.test_products.TestProductsAuth" name="test_create_requires_auth" time="0.012" /><testcase classname="tests.test_products.TestProductsAuth" name="test_update_requires_auth" time="0.008" /><testcase classname="tests.test_products.TestProductsAuth" name="test_delete_requires_auth" time="0.007" /><testcase classname="tests.test_products.TestProductsAuth" name="test_adjust_requires_auth" time="0.009" /><testcase classname="tests.test_products.TestCreateProduct" name="test_create_product" time="0.835" /><testcase classname="tests.test_products.TestCreateProduct" name="test_create_duplicate_sku" time="0.844" /><testcase classname="tests.test_products.TestCreateProduct" name="test_create_missing_required_fields" time="0.825" /><testcase classname="tests.test_products.TestCreateProduct" name="test_create_invalid_price" time="0.839" /><testcase classname="tests.test_products.TestCreateProduct" name="test_create_negative_stock" time="0.822" /><testcase classname="tests.test_products.TestCreateProduct" name="test_create_with_expiry_date" time="0.827" /><testcase classname="tests.test_products.TestCreateProduct" name="test_create_defaults_stock_and_threshold" time="0.831" /><testcase classname="tests.test_products.TestListProducts" name="test_list_products" time="0.843" /><testcase classname="tests.test_products.TestListProducts" name="test_list_search_by_name" time="0.832" /><testcase classname="tests.test_products.TestListProducts" name="test_list_search_by_sku" time="0.838" /><testcase classname="tests.test_products.TestListProducts" name="test_list_filter_by_category" time="0.862" /><testcase classname="tests.test_products.TestListProducts" name="test_list_filter_low_stock" time="0.852" /><testcase classname="tests.test_products.TestListProducts" name="test_list_pagination" time="0.878" /><testcase classname="tests.test_products.TestListProducts" name="test_list_excludes_deleted_products" time="0.845" /><testcase classname="tests.test_products.TestGetProduct" name="test_get_product" time="0.827" /><testcase classname="tests.test_products.TestGetProduct" name="test_get_product_not_found" time="0.820" /><testcase classname="tests.test_products.TestGetProduct" name="test_get_deleted_product_not_found" time="0.827" /><testcase classname="tests.test_products.TestUpdateProduct" name="test_update_product_name" time="0.840" /><testcase classname="tests.test_products.TestUpdateProduct" name="test_update_product_price" time="0.822" /><testcase classname="tests.test_products.TestUpdateProduct" name="test_update_product_not_found" time="0.853" /><testcase classname="tests.test_products.TestUpdateProduct" name="test_update_cannot_set_stock_qty" time="0.829" /><testcase classname="tests.test_products.TestUpdateProduct" name="test_update_partial_fields_unchanged" time="0.837" /><testcase classname="tests.test_products.TestDeleteProduct" name="test_delete_product" time="0.824" /><testcase classname="tests.test_products.TestDeleteProduct" name="test_delete_product_not_found" time="0.809" /><testcase classname="tests.test_products.TestDeleteProduct" name="test_delete_is_soft" time="0.828" /><testcase classname="tests.test_products.TestStockAdjust" name="test_restock_increases_stock" time="0.864" /><testcase classname="tests.test_products.TestStockAdjust" name="test_sale_decreases_stock" time="0.832" /><testcase classname="tests.test_products.TestStockAdjust" name="test_write_off_decreases_stock" time="0.845" /><testcase classname="tests.test_products.TestStockAdjust" name="test_adjustment_increases_stock" time="0.842" /><testcase classname="tests.test_products.TestStockAdjust" name="test_sale_cannot_go_below_zero" time="0.834" /><testcase classname="tests.test_products.TestStockAdjust" name="test_adjust_invalid_change_type" time="0.832" /><testcase classname="tests.test_products.TestStockAdjust" name="test_adjust_zero_qty_rejected" time="0.836" /><testcase classname="tests.test_products.TestStockAdjust" name="test_adjust_product_not_found" time="0.826" /><testcase classname="tests.test_products.TestStockAdjust" name="test_adjust_creates_stock_history" time="0.847" /><testcase classname="tests.test_products.TestStockHistory" name="test_history_empty_on_new_product" time="0.838" /><testcase classname="tests.test_products.TestStockHistory" name="test_history_records_adjustments" time="0.847" /><testcase classname="tests.test_products.TestStockHistory" name="test_history_not_found" time="0.813" /><testcase classname="tests.test_purchase_orders.TestPOAuth" name="test_list_requires_auth" time="0.008" /><testcase classname="tests.test_purchase_orders.TestPOAuth" name="test_get_requires_auth" time="0.007" /><testcase classname="tests.test_purchase_orders.TestPOAuth" name="test_create_requires_auth" time="0.010" /><testcase classname="tests.test_purchase_orders.TestPOAuth" name="test_advance_requires_auth" time="0.007" /><testcase classname="tests.test_purchase_orders.TestPOAuth" name="test_delete_requires_auth" time="0.006" /><testcase classname="tests.test_purchase_orders.TestCreatePO" name="test_create_po" time="0.852" /><testcase classname="tests.test_purchase_orders.TestCreatePO" name="test_create_po_multiple_line_items" time="0.841" /><testcase classname="tests.test_purchase_orders.TestCreatePO" name="test_create_po_calculates_total" time="0.836" /><testcase classname="tests.test_purchase_orders.TestCreatePO" name="test_create_po_with_notes" time="0.854" /><testcase classname="tests.test_purchase_orders.TestCreatePO" name="test_create_po_invalid_supplier" time="0.820" /><testcase classname="tests.test_purchase_orders.TestCreatePO" name="test_create_po_invalid_product" time="0.829" /><testcase classname="tests.test_purchase_orders.TestCreatePO" name="test_create_po_empty_line_items_rejected" time="0.818" /><testcase classname="tests.test_purchase_orders.TestCreatePO" name="test_create_po_zero_quantity_rejected" time="0.872" /><testcase classname="tests.test_purchase_orders.TestListPOs" name="test_list_purchase_orders" time="0.854" /><testcase classname="tests.test_purchase_orders.TestListPOs" name="test_list_filter_by_status" time="0.864" /><testcase classname="tests.test_purchase_orders.TestListPOs" name="test_list_filter_by_supplier" time="0.886" /><testcase classname="tests.test_purchase_orders.TestListPOs" name="test_list_pagination" time="0.879" /><testcase classname="tests.test_purchase_orders.TestListPOs" name="test_list_includes_line_items" time="0.858" /><testcase classname="tests.test_purchase_orders.TestGetPO" name="test_get_po" time="0.864" /><testcase classname="tests.test_purchase_orders.TestGetPO" name="test_get_po_not_found" time="0.828" /><testcase classname="tests.test_purchase_orders.TestUpdatePO" name="test_update_notes" time="0.855" /><testcase classname="tests.test_purchase_orders.TestUpdatePO" name="test_update_line_items_replaces_all" time="0.859" /><testcase classname="tests.test_purchase_orders.TestUpdatePO" name="test_update_recalculates_total" time="0.855" /><testcase classname="tests.test_purchase_orders.TestUpdatePO" name="test_update_not_draft_rejected" time="0.856" /><testcase classname="tests.test_purchase_orders.TestUpdatePO" name="test_update_not_found" time="0.819" /><testcase classname="tests.test_purchase_orders.TestPOStatusWorkflow" name="test_advance_draft_to_sent" time="0.851" /><testcase classname="tests.test_purchase_orders.TestPOStatusWorkflow" name="test_advance_sent_to_acknowledged" time="0.860" /><testcase classname="tests.test_purchase_orders.TestPOStatusWorkflow" name="test_advance_acknowledged_to_received" time="0.882" /><testcase classname="tests.test_purchase_orders.TestPOStatusWorkflow" name="test_cannot_advance_past_received" time="0.875" /><testcase classname="tests.test_purchase_orders.TestPOStatusWorkflow" name="test_advance_not_found" time="0.818" /><testcase classname="tests.test_purchase_orders.TestPOStatusWorkflow" name="test_receipt_increases_stock" time="0.903" /><testcase classname="tests.test_purchase_orders.TestPOStatusWorkflow" name="test_receipt_creates_stock_history" time="0.869" /><testcase classname="tests.test_purchase_orders.TestDeletePO" name="test_delete_draft_po" time="0.855" /><testcase classname="tests.test_purchase_orders.TestDeletePO" name="test_deleted_po_not_found" time="0.880" /><testcase classname="tests.test_purchase_orders.TestDeletePO" name="test_delete_non_draft_rejected" time="0.860" /><testcase classname="tests.test_purchase_orders.TestDeletePO" name="test_delete_not_found" time="0.819" /><testcase classname="tests.test_purchase_orders.TestDeletePO" name="test_delete_removes_line_items" time="0.844" /><testcase classname="tests.test_recommendations.TestRecommendationsAuth" name="test_requires_auth" time="0.007" /><testcase classname="tests.test_recommendations.TestRecommendationsEmpty" name="test_empty_db_returns_empty_list" time="0.827" /><testcase classname="tests.test_recommendations.TestRecommendationsWithData" name="test_returns_recommendations_structure" time="0.824" /><testcase classname="tests.test_recommendations.TestRecommendationsWithData" name="test_recommendation_fields" time="0.828" /><testcase classname="tests.test_recommendations.TestRecommendationsWithData" name="test_product_id_filter" time="0.819" /><testcase classname="tests.test_recommendations.TestRecommendationsWithData" name="test_invalid_gemini_json_returns_500" time="0.827" /><testcase classname="tests.test_recommendations.TestRecommendationsWithData" name="test_missing_api_key_returns_500" time="0.835" /><testcase classname="tests.test_suppliers.TestSuppliersAuth" name="test_list_requires_auth" time="0.008" /><testcase classname="tests.test_suppliers.TestSuppliersAuth" name="test_get_requires_auth" time="0.007" /><testcase classname="tests.test_suppliers.TestSuppliersAuth" name="test_create_requires_auth" time="0.009" /><testcase classname="tests.test_suppliers.TestSuppliersAuth" name="test_update_requires_auth" time="0.008" /><testcase classname="tests.test_suppliers.TestSuppliersAuth" name="test_delete_requires_auth" time="0.008" /><testcase classname="tests.test_suppliers.TestCreateSupplier" name="test_create_supplier" time="0.814" /><testcase classname="tests.test_suppliers.TestCreateSupplier" name="test_create_duplicate_email" time="0.830" /><testcase classname="tests.test_suppliers.TestCreateSupplier" name="test_create_missing_name" time="0.816" /><testcase classname="tests.test_suppliers.TestCreateSupplier" name="test_create_invalid_email" time="0.809" /><testcase classname="tests.test_suppliers.TestCreateSupplier" name="test_create_negative_lead_time" time="0.826" /><testcase classname="tests.test_suppliers.TestCreateSupplier" name="test_create_defaults_categories_and_lead_time" time="0.817" /><testcase classname="tests.test_suppliers.TestCreateSupplier" name="test_create_empty_name_rejected" time="0.820" /><testcase classname="tests.test_suppliers.TestListSuppliers" name="test_list_suppliers" time="0.839" /><testcase classname="tests.test_suppliers.TestListSuppliers" name="test_list_search_by_name" time="0.835" /><testcase classname="tests.test_suppliers.TestListSuppliers" name="test_list_search_by_email" time="0.822" /><testcase classname="tests.test_suppliers.TestListSuppliers" name="test_list_pagination" time="0.857" /><testcase classname="tests.test_suppliers.TestListSuppliers" name="test_list_excludes_deleted" time="0.823" /><testcase classname="tests.test_suppliers.TestGetSupplier" name="test_get_supplier" time="0.840" /><testcase classname="tests.test_suppliers.TestGetSupplier" name="test_get_supplier_not_found" time="0.805" /><testcase classname="tests.test_suppliers.TestGetSupplier" name="test_get_deleted_supplier_not_found" time="0.834" /><testcase classname="tests.test_suppliers.TestUpdateSupplier" name="test_update_name" time="0.832" /><testcase classname="tests.test_suppliers.TestUpdateSupplier" name="test_update_lead_time" time="0.830" /><testcase classname="tests.test_suppliers.TestUpdateSupplier" name="test_update_categories" time="0.839" /><testcase classname="tests.test_suppliers.TestUpdateSupplier" name="test_update_not_found" time="0.809" /><testcase classname="tests.test_suppliers.TestUpdateSupplier" name="test_update_partial_fields_unchanged" time="0.828" /><testcase classname="tests.test_suppliers.TestDeleteSupplier" name="test_delete_supplier" time="0.833" /><testcase classname="tests.test_suppliers.TestDeleteSupplier" name="test_delete_not_found" time="0.816" /><testcase classname="tests.test_suppliers.TestDeleteSupplier" name="test_delete_is_soft" time="0.855" /></testsuite></testsuites>